// Jest Snapshot v1, https://goo.gl/fbAQLP

exports[`<Graphview /> matches the snapshot 1`] = `
<div>
  <dl>
    <dt>
      Launches:
    </dt>
    <dd
      className="percentage percentage-2"
      key="My house"
    >
      My house
       
      2
    </dd>
    <dd
      className="percentage percentage-1"
      key="Your house"
    >
      Your house
       
      1
    </dd>
  </dl>
  <canvas
    id="chart"
  />
</div>
`;
