// Jest Snapshot v1, https://goo.gl/fbAQLP

exports[`<LaunchData /> matches the snapshot 1`] = `
<section
  id="launchData"
>
  <form
    onSubmit={[Function]}
  >
    <ContextConsumer>
      <Component />
    </ContextConsumer>
  </form>
</section>
`;
